PROCEDURE Foo()
    PRINTLN "Foo"
    PRINTLN "BAR"
ENDPROC