REPEAT
    PRINTLN "Foo"
    PRINTLN "BAR"
UNTIL false