WHILE TRUE DO
    PRINTLN "Foo"
    PRINTLN "BAR"
ENDWHILE