1
3
0
7
F█oB█r
34
FooBarBaz
Z
I,1024,Zmodem (batch),N,N,N
1024,Zmodem (batch),N,N,N
Zmodem (batch),N,N,N
Zmodem (batch)                .
