8192,2048,0,1,32,2,2,1,2,16,1,4,8,1,4,4096,4,256,128,32768,65536,0,64,1024,0,2,1,2,1,2,0,16,3,0,1,2,8,512,16384,0,1,2,3,4,5,6,7,8,9,10,11,12,13,14,15,16,17,